[institutoduramax.com/index.html]
[backblue.gif]
[fade.gif]
[index.html]
[institutoduramax.com/wp-content/themes/hello-elementor/style.minb12b.css]
[institutoduramax.com/wp-content/themes/hello-elementor/theme.minb12b.css]
[institutoduramax.com/feed/index.html]
[institutoduramax.com/wp-content/themes/hello-elementor/header-footer.minb12b.css]
[institutoduramax.com/comments/feed/index.html]
[institutoduramax.com/wp-content/plugins/elementor/assets/css/frontend.min18be.css]
[institutoduramax.com/wp-content/uploads/2024/09/Poppins-Regular.woff2]
[institutoduramax.com/wp-content/uploads/2024/09/Poppins-Italic.woff2]
[institutoduramax.com/wp-content/uploads/2024/09/Poppins-Thin.woff2]
[institutoduramax.com/wp-content/uploads/2024/09/Poppins-ThinItalic.woff2]
[institutoduramax.com/wp-content/uploads/2024/09/Poppins-ExtraLight.woff2]
[institutoduramax.com/wp-content/uploads/2024/09/Poppins-ExtraLightItalic.woff2]
[institutoduramax.com/wp-content/uploads/2024/09/Poppins-Light.woff2]
[institutoduramax.com/wp-content/uploads/2024/09/Poppins-LightItalic.woff2]
[institutoduramax.com/wp-content/uploads/2024/09/Poppins-Medium.woff2]
[institutoduramax.com/wp-content/uploads/2024/09/Poppins-MediumItalic.woff2]
[institutoduramax.com/wp-content/uploads/2024/09/Poppins-SemiBold.woff2]
[institutoduramax.com/wp-content/uploads/2024/09/Poppins-SemiBoldItalic.woff2]
[institutoduramax.com/wp-content/uploads/2024/09/Poppins-Bold.woff2]
[institutoduramax.com/wp-content/uploads/2024/09/Poppins-BoldItalic.woff2]
[institutoduramax.com/wp-content/uploads/2024/09/Poppins-ExtraBold.woff2]
[institutoduramax.com/wp-content/uploads/2024/09/Poppins-ExtraBoldItalic.woff2]
[institutoduramax.com/wp-content/uploads/2024/09/Poppins-Black.woff2]
[institutoduramax.com/wp-content/uploads/2024/09/Poppins-BlackItalic.woff2]
[institutoduramax.com/wp-content/plugins/elementor/assets/lib/swiper/v8/css/swiper.min94a4.css]
[institutoduramax.com/wp-content/plugins/elementor/assets/css/conditionals/e-swiper.min18be.css]
[institutoduramax.com/wp-content/plugins/elementor-pro/assets/css/frontend.min3ab2.css]
[institutoduramax.com/wp-content/plugins/elementor/assets/css/widget-heading.min18be.css]
[institutoduramax.com/wp-content/plugins/elementor/assets/css/widget-divider.min18be.css]
[institutoduramax.com/wp-content/plugins/elementor/assets/css/widget-icon-list.min18be.css]
[institutoduramax.com/wp-content/plugins/elementor/assets/css/widget-text-editor.min18be.css]
[institutoduramax.com/wp-content/plugins/elementor/assets/css/widget-icon-box.min18be.css]
[institutoduramax.com/wp-content/plugins/elementskit-lite/modules/elementskit-icon-pack/assets/css/ekiticonsd617.css]
[institutoduramax.com/wp-content/plugins/elementskit-lite/widgets/init/assets/css/widget-stylesd617.css]
[institutoduramax.com/wp-content/plugins/elementskit-lite/widgets/init/assets/css/responsived617.css]
[institutoduramax.com/wp-content/plugins/essential-addons-for-elementor-lite/assets/front-end/css/view/general.min0fbe.css]
[institutoduramax.com/wp-includes/js/jquery/jquery.minf43b.js]
[institutoduramax.com/wp-includes/js/jquery/jquery-migrate.min5589.js]
[institutoduramax.com/wp-content/plugins/pixelyoursite/dist/scripts/jquery.bind-first-0.2.3.min109c.js]
[institutoduramax.com/wp-content/plugins/pixelyoursite/dist/scripts/js.cookie-2.1.3.min4c71.js]
[institutoduramax.com/wp-content/plugins/pixelyoursite/dist/scripts/public5b70.js]
[institutoduramax.com/wp-json/index.html]
[institutoduramax.com/wp-json/wp/v2/pages/2896.json]
[institutoduramax.com/xmlrpc0db0.php]
[institutoduramax.com/wp-json/oembed/1.0/embed8fca.json]
[institutoduramax.com/wp-json/oembed/1.0/embedf56c]
[connect.facebook.net/en_US/fbevents.js]
[institutoduramax.com/wp-content/uploads/2024/10/cropped-logo-32x32.png]
[institutoduramax.com/wp-content/uploads/2024/10/cropped-logo-192x192.png]
[institutoduramax.com/wp-content/uploads/2024/10/cropped-logo-180x180.png]
[institutoduramax.com/wp-content/uploads/2024/10/cropped-logo-270x270.png]
[institutoduramax.com/wp-content/uploads/2024/10/Instituto-Duramax-Small-1024x303.webp]
[cdn.jsdelivr.net/npm/bootstrap@4.5.3/dist/css/bootstrap.min.css]
[institutoduramax.com/wp-content/uploads/2024/10/Diagrama-1-1024x782.webp]
[institutoduramax.com/wp-content/uploads/2024/10/Diagrama-2-1024x658.webp]
[institutoduramax.com/wp-content/uploads/2024/10/Diagrama-4-1024x591.webp]
[institutoduramax.com/wp-content/uploads/2024/10/Diagrama-4-1-1024x573.webp]
[institutoduramax.com/wp-content/uploads/2024/10/Diagrama-5.webp]
[institutoduramax.com/wp-content/uploads/2024/10/Diagrama-6-1024x995.webp]
[institutoduramax.com/wp-content/uploads/2024/10/Termometro-1.webp]
[institutoduramax.com/protocolo-duramax/index.html]
[ajax.googleapis.com/ajax/libs/jquery/3.4.1/jquery.min.js]
[cdn.jsdelivr.net/npm/bootstrap@4.5.3/dist/js/bootstrap.bundle.min.js]
[institutoduramax.com/wp-content/plugins/wp-content-copy-protector/images/warning.png]
[institutoduramax.com/wp-content/themes/hello-elementor/assets/js/hello-frontend.minb12b.js]
[institutoduramax.com/wp-content/plugins/elementskit-lite/widgets/init/assets/js/widget-scriptsd617.js]
[institutoduramax.com/wp-content/plugins/essential-addons-for-elementor-lite/assets/front-end/js/view/general.min0fbe.js]
[institutoduramax.com/wp-content/plugins/elementor-pro/assets/js/webpack-pro.runtime.min3ab2.js]
[institutoduramax.com/wp-content/plugins/elementor/assets/js/webpack.runtime.min18be.js]
[institutoduramax.com/wp-content/plugins/elementor/assets/js/frontend-modules.min18be.js]
[institutoduramax.com/wp-includes/js/dist/hooks.min2757.js]
[institutoduramax.com/wp-includes/js/dist/i18n.minc33c.js]
[institutoduramax.com/wp-content/plugins/elementor-pro/assets/js/frontend.min3ab2.js]
[institutoduramax.com/wp-includes/js/jquery/ui/core.minb37e.js]
[institutoduramax.com/wp-content/plugins/elementor/assets/js/frontend.min18be.js]
[institutoduramax.com/wp-content/plugins/elementor-pro/assets/js/preloaded-elements-handlers.min3ab2.js]
[institutoduramax.com/wp-content/plugins/elementskit-lite/widgets/init/assets/js/animate-circle.mind617.js]
[institutoduramax.com/index.html]
[institutoduramax.com/wp-content/themes/hello-elementor/style.minb12b.css]
[institutoduramax.com/wp-content/themes/hello-elementor/theme.minb12b.css]
[institutoduramax.com/wp-content/themes/hello-elementor/header-footer.minb12b.css]
[institutoduramax.com/wp-content/plugins/elementor/assets/css/frontend.min18be.css]
[institutoduramax.com/wp-content/plugins/elementor/assets/lib/swiper/v8/css/swiper.min94a4.css]
[institutoduramax.com/wp-content/plugins/elementor/assets/css/conditionals/e-swiper.min18be.css]
[institutoduramax.com/wp-content/plugins/elementor-pro/assets/css/frontend.min3ab2.css]
[institutoduramax.com/wp-content/plugins/elementor/assets/css/widget-image.min18be.css]
[institutoduramax.com/wp-content/plugins/elementor/assets/css/widget-heading.min18be.css]
[institutoduramax.com/wp-content/plugins/elementor/assets/css/widget-divider.min18be.css]
[institutoduramax.com/wp-content/plugins/elementor/assets/css/widget-icon-list.min18be.css]
[institutoduramax.com/wp-content/plugins/elementor/assets/css/widget-text-editor.min18be.css]
[institutoduramax.com/wp-content/plugins/elementor/assets/css/widget-icon-box.min18be.css]
[institutoduramax.com/wp-content/plugins/elementskit-lite/widgets/init/assets/js/elementord617.js]
[institutoduramax.com/wp-content/plugins/elementskit-lite/modules/elementskit-icon-pack/assets/css/ekiticonsd617.css]
[institutoduramax.com/wp-content/plugins/elementskit-lite/modules/elementskit-icon-pack/assets/fonts/elementskit97ac.woff]
[institutoduramax.com/wp-content/plugins/elementskit-lite/widgets/init/assets/img/arrow.png]
[institutoduramax.com/wp-content/plugins/elementskit-lite/widgets/init/assets/img/sort_asc.png]
[institutoduramax.com/wp-content/plugins/elementskit-lite/widgets/init/assets/img/sort_desc.png]
[institutoduramax.com/wp-content/plugins/elementskit-lite/widgets/init/assets/img/sort_asc_disabled.png]
[institutoduramax.com/wp-content/plugins/elementskit-lite/widgets/init/assets/css/widget-stylesd617.css]
[institutoduramax.com/wp-content/plugins/elementskit-lite/widgets/init/assets/css/responsived617.css]
[institutoduramax.com/wp-content/plugins/essential-addons-for-elementor-lite/assets/front-end/css/view/general.min0fbe.css]
[institutoduramax.com/wp-includes/js/jquery/jquery.minf43b.js]
[institutoduramax.com/wp-includes/js/jquery/jquery-migrate.min5589.js]
[institutoduramax.com/wp-content/plugins/pixelyoursite/dist/scripts/jquery.bind-first-0.2.3.min109c.js]
[institutoduramax.com/wp-content/plugins/pixelyoursite/dist/scripts/js.cookie-2.1.3.min4c71.js]
[institutoduramax.com/wp-content/plugins/pixelyoursite/dist/scripts/public5b70.js]
[connect.facebook.net/en_US/fbevents.js]
[cdn.jsdelivr.net/npm/bootstrap@4.5.3/dist/css/bootstrap.min.css]
[institutoduramax.com/wp-content/uploads/2024/09/Unbounded-Regular.woff2]
[institutoduramax.com/wp-content/uploads/2024/09/Unbounded-ExtraLight.woff2]
[institutoduramax.com/wp-content/uploads/2024/09/Unbounded-Light.woff2]
[institutoduramax.com/wp-content/uploads/2024/09/Unbounded-Medium.woff2]
[institutoduramax.com/wp-content/uploads/2024/09/Unbounded-SemiBold.woff2]
[institutoduramax.com/wp-content/uploads/2024/09/Unbounded-Bold.woff2]
[institutoduramax.com/wp-content/uploads/2024/09/Unbounded-ExtraBold.woff2]
[institutoduramax.com/wp-content/uploads/2024/09/Unbounded-Black.woff2]
[institutoduramax.com/wp-content/plugins/elementor/assets/css/widget-image-carousel.min18be.css]
[institutoduramax.com/wp-content/plugins/elementor/assets/css/widget-nested-accordion.min18be.css]
[institutoduramax.com/wp-json/wp/v2/pages/3115.json]
[institutoduramax.com/wp-json/oembed/1.0/embedfd78.json]
[institutoduramax.com/wp-json/oembed/1.0/embed2e48]
[institutoduramax.com/wp-content/uploads/2024/10/Logo-Instituto-Duramax-1024x303.webp]
[institutoduramax.com/wp-content/uploads/2024/10/Grafico-Landing-Page-1024x677.webp]
[institutoduramax.com/wp-content/uploads/2024/10/01.-Kegel.webp]
[institutoduramax.com/wp-content/uploads/2024/10/02.-Fitness.webp]
[institutoduramax.com/wp-content/uploads/2024/10/03.-Breathing.webp]
[institutoduramax.com/wp-content/uploads/2024/10/Niveis-_Antes_-630x1024.webp]
[institutoduramax.com/wp-content/uploads/2024/10/Niveis-_Depois_-630x1024.webp]
[institutoduramax.com/wp-content/uploads/2024/10/instituicoes-_white_-1.webp]
[institutoduramax.com/wp-content/uploads/2024/10/Mockup-Protocolo-Duramax-1024x479.webp]
[institutoduramax.com/wp-content/uploads/2024/10/foto-depoimentos-1-1.png]
[institutoduramax.com/wp-content/uploads/2024/10/foto-depoimentos-2-1.png]
[institutoduramax.com/wp-content/uploads/2024/10/foto-depoimentos-3-1.png]
[institutoduramax.com/wp-content/uploads/2024/10/foto-depoimentos-4-1.png]
[institutoduramax.com/wp-content/uploads/2024/10/foto-depoimentos-5-1.png]
[institutoduramax.com/wp-content/uploads/2024/10/foto-depoimentos-6-1.png]
[institutoduramax.com/wp-content/uploads/2024/10/foto-depoimentos-7-1.png]
[institutoduramax.com/wp-content/uploads/2024/10/foto-depoimentos-8-1.png]
[institutoduramax.com/wp-content/uploads/2024/10/foto-depoimentos-9-1.png]
[institutoduramax.com/wp-content/uploads/2024/10/foto-depoimentos-10-1.png]
[institutoduramax.com/wp-content/uploads/2024/10/foto-depoimentos-11-1.png]
[institutoduramax.com/wp-content/uploads/2024/10/foto-depoimentos-12-1.png]
[institutoduramax.com/wp-content/uploads/2024/10/foto-depoimentos-13-1.png]
[institutoduramax.com/wp-content/uploads/2024/10/foto-depoimentos-14-1.png]
[institutoduramax.com/wp-content/uploads/2024/10/foto-depoimentos-15-1.png]
[institutoduramax.com/wp-content/uploads/2024/10/foto-depoimentos-16-1.png]
[institutoduramax.com/wp-content/uploads/2024/10/foto-depoimentos-17-1.png]
[institutoduramax.com/wp-content/uploads/2024/10/foto-depoimentos-18-1.png]
[institutoduramax.com/wp-content/uploads/2024/10/foto-depoimentos-19-1.png]
[institutoduramax.com/wp-content/uploads/2024/10/foto-depoimentos-20-1.png]
[institutoduramax.com/wp-content/uploads/2024/10/foto-depoimentos-21-1.png]
[institutoduramax.com/wp-content/uploads/2024/10/foto-depoimentos-22-1.png]
[institutoduramax.com/wp-content/uploads/2024/10/foto-depoimentos-23-1.png]
[institutoduramax.com/wp-content/uploads/2024/10/foto-depoimentos-24-1.png]
[institutoduramax.com/wp-content/uploads/2024/10/foto-depoimentos-25-1.png]
[institutoduramax.com/wp-content/uploads/2024/10/foto-depoimentos-26-1.png]
[institutoduramax.com/wp-content/uploads/2024/10/foto-depoimentos-27-1.png]
[institutoduramax.com/wp-content/uploads/2024/10/foto-depoimentos-28-1.png]
[institutoduramax.com/wp-content/uploads/2024/10/foto-depoimentos-29-1.png]
[institutoduramax.com/wp-content/uploads/2024/10/foto-depoimentos-30-1.png]
[institutoduramax.com/wp-content/uploads/2024/10/foto-depoimentos-31-1.png]
[institutoduramax.com/wp-content/uploads/2024/10/foto-depoimentos-32-1.png]
[institutoduramax.com/wp-content/uploads/2024/10/foto-depoimentos-33-1.png]
[institutoduramax.com/wp-content/uploads/2024/10/foto-depoimentos-34-1.png]
[institutoduramax.com/wp-content/uploads/2024/10/Compra_segura.png]
[institutoduramax.com/protocolo-duramax/index.html]
[institutoduramax.com/wp-content/themes/hello-elementor/assets/js/hello-frontend.minb12b.js]
[institutoduramax.com/wp-content/plugins/elementskit-lite/libs/framework/assets/js/frontend-scriptd617.js]
[institutoduramax.com/wp-content/plugins/elementskit-lite/widgets/init/assets/js/widget-scriptsd617.js]
[institutoduramax.com/wp-includes/js/imagesloaded.minbb93.js]
[institutoduramax.com/wp-content/plugins/essential-addons-for-elementor-lite/assets/front-end/js/view/general.min0fbe.js]
[institutoduramax.com/wp-content/plugins/elementor-pro/assets/js/webpack-pro.runtime.min3ab2.js]
[institutoduramax.com/wp-content/plugins/elementor/assets/js/webpack.runtime.min18be.js]
[institutoduramax.com/wp-content/plugins/elementor/assets/js/frontend-modules.min18be.js]
[institutoduramax.com/wp-includes/js/dist/hooks.min2757.js]
[institutoduramax.com/wp-includes/js/dist/i18n.minc33c.js]
[institutoduramax.com/wp-content/plugins/elementor-pro/assets/js/frontend.min3ab2.js]
[institutoduramax.com/wp-includes/js/jquery/ui/core.minb37e.js]
[institutoduramax.com/wp-content/plugins/elementor/assets/js/frontend.min18be.js]
[institutoduramax.com/wp-content/plugins/elementor-pro/assets/js/preloaded-elements-handlers.min3ab2.js]
[institutoduramax.com/wp-content/plugins/elementskit-lite/widgets/init/assets/js/animate-circle.mind617.js]
[institutoduramax.com/wp-content/plugins/elementskit-lite/widgets/init/assets/js/elementord617.js]
[institutoduramax.com/wp-content/plugins/elementskit-lite/widgets/init/assets/img/cross-out.svg]
[institutoduramax.com/schema.org/index.html]
[institutoduramax.com/wp-content/plugins/elementor/assets/css/widget-image-carousel.min18be.css]
[institutoduramax.com/wp-content/plugins/elementor/assets/lib/animations/styles/e-animation-grow.min18be.css]
[institutoduramax.com/wp-content/plugins/elementor/assets/css/widget-nested-accordion.min18be.css]
[institutoduramax.com/index973d.html]
[institutoduramax.com/wp-includes/js/imagesloaded.minbb93.js]
[institutoduramax.com/OPR/index.html]
